﻿[dotenv@17.3.1] injecting env (5) from .env -- tip: ≡ƒ¢í∩╕Å auth for agents: https://vestauth.com
--- Starting PURE ETHERS Stress Test (Ganache Fork) ---
Detected USDGB Admin/Owner: 0xE9Eb8E7B94C1Ebb02Ac44975435e3d2bCa8E6a33
Successfully funded 0xE9Eb8E7B94C1Ebb02Ac44975435e3d2bCa8E6a33 with 2 ETH (Tx: 0xc4ae10fc20aeeacbcc96386fe20cbd1f2ecb3dac53824a6bef7bc0d244b3db26)
Successfully funded 0x6fAeFE907d887348b70636B57AEDF2BF99fbA032 with 100 ETH (Tx: 0xbe176d339a0886859ba7e877aa5a783c592e1b6e2f873cc3fa1a02851a1d00be)
Granting MINTER_ROLE to Test Wallet...
Minting 1,000,000 USDGB to test wallet directly...
Minting failed: missing revert data (action="estimateGas", data=null, reason=null, transaction={ "data": "0x40c10f190000000000000000000000006faefe907d887348b70636b57aedf2bf99fba03200000000000000000000000000000000000000000000d3c21bcecceda1000000", "from": "0x6fAeFE907d887348b70636B57AEDF2BF99fbA032", "to": "0xFE57D42B4e32c62f69B22B459D53B9Dd9021FACf" }, invocation=null, revert=null, code=CALL_EXCEPTION, version=6.16.0)
USDGB Balance: 0.0

--- Executing 50 Transactions ---
Staking approved.
Tx #1 failed: missing revert data (action="estimateGas", data=null, reason=null, transaction={...
Tx #2 failed: missing revert data (action="estimateGas", data=null, reason=null, transaction={...
Tx #3 failed: missing revert data (action="estimateGas", data=null, reason=null, transaction={...
Tx #4 failed: missing revert data (action="estimateGas", data=null, reason=null, transaction={...
Tx #5 failed: missing revert data (action="estimateGas", data=null, reason=null, transaction={...
Tx #6 failed: missing revert data (action="estimateGas", data=null, reason=null, transaction={...
Tx #7 failed: missing revert data (action="estimateGas", data=null, reason=null, transaction={...
Tx #8 failed: missing revert data (action="estimateGas", data=null, reason=null, transaction={...
Tx #9 failed: missing revert data (action="estimateGas", data=null, reason=null, transaction={...
Tx #10 failed: missing revert data (action="estimateGas", data=null, reason=null, transaction={...
Tx #11 failed: missing revert data (action="estimateGas", data=null, reason=null, transaction={...
Tx #12 failed: missing revert data (action="estimateGas", data=null, reason=null, transaction={...
Tx #13 failed: missing revert data (action="estimateGas", data=null, reason=null, transaction={...
Tx #14 failed: missing revert data (action="estimateGas", data=null, reason=null, transaction={...
Tx #15 failed: missing revert data (action="estimateGas", data=null, reason=null, transaction={...
Tx #16 failed: missing revert data (action="estimateGas", data=null, reason=null, transaction={...
Tx #17 failed: missing revert data (action="estimateGas", data=null, reason=null, transaction={...
Tx #18 failed: missing revert data (action="estimateGas", data=null, reason=null, transaction={...
Tx #19 failed: missing revert data (action="estimateGas", data=null, reason=null, transaction={...
Tx #20 failed: missing revert data (action="estimateGas", data=null, reason=null, transaction={...
Tx #21 failed: missing revert data (action="estimateGas", data=null, reason=null, transaction={...
Tx #22 failed: missing revert data (action="estimateGas", data=null, reason=null, transaction={...
Tx #23 failed: missing revert data (action="estimateGas", data=null, reason=null, transaction={...
Tx #24 failed: missing revert data (action="estimateGas", data=null, reason=null, transaction={...
Tx #25 failed: missing revert data (action="estimateGas", data=null, reason=null, transaction={...
Tx #26 failed: missing revert data (action="estimateGas", data=null, reason=null, transaction={...
Tx #27 failed: missing revert data (action="estimateGas", data=null, reason=null, transaction={...
Tx #28 failed: missing revert data (action="estimateGas", data=null, reason=null, transaction={...
Tx #29 failed: missing revert data (action="estimateGas", data=null, reason=null, transaction={...
Tx #30 failed: missing revert data (action="estimateGas", data=null, reason=null, transaction={...
Tx #31 failed: missing revert data (action="estimateGas", data=null, reason=null, transaction={...
Tx #32 failed: missing revert data (action="estimateGas", data=null, reason=null, transaction={...
Tx #33 failed: missing revert data (action="estimateGas", data=null, reason=null, transaction={...
Tx #34 failed: missing revert data (action="estimateGas", data=null, reason=null, transaction={...
Tx #35 failed: missing revert data (action="estimateGas", data=null, reason=null, transaction={...
Tx #36 failed: missing revert data (action="estimateGas", data=null, reason=null, transaction={...
Tx #37 failed: missing revert data (action="estimateGas", data=null, reason=null, transaction={...
Tx #38 failed: missing revert data (action="estimateGas", data=null, reason=null, transaction={...
Tx #39 failed: missing revert data (action="estimateGas", data=null, reason=null, transaction={...
Tx #40 failed: missing revert data (action="estimateGas", data=null, reason=null, transaction={...
Tx #41 failed: missing revert data (action="estimateGas", data=null, reason=null, transaction={...
Tx #42 failed: missing revert data (action="estimateGas", data=null, reason=null, transaction={...
Tx #43 failed: missing revert data (action="estimateGas", data=null, reason=null, transaction={...
Tx #44 failed: missing revert data (action="estimateGas", data=null, reason=null, transaction={...
Tx #45 failed: missing revert data (action="estimateGas", data=null, reason=null, transaction={...
Tx #46 failed: missing revert data (action="estimateGas", data=null, reason=null, transaction={...
Tx #47 failed: missing revert data (action="estimateGas", data=null, reason=null, transaction={...
Tx #48 failed: missing revert data (action="estimateGas", data=null, reason=null, transaction={...
Tx #49 failed: missing revert data (action="estimateGas", data=null, reason=null, transaction={...
Tx #50 failed: missing revert data (action="estimateGas", data=null, reason=null, transaction={...

Success: 0/50
Total Staked: 0.0 USDGB
